Archive member included to satisfy reference by file (symbol)

c:/st/stm32cubeide_1.5.1/stm32cubeide/plugins/com.st.stm32cube.ide.mcu.externaltools.gnu-tools-for-stm32.9-2020-q2-update.win32_1.5.0.202011040924/tools/bin/../lib/gcc/arm-none-eabi/9.3.1/../../../../arm-none-eabi/lib/thumb/v7-m/nofp\libc_nano.a(lib_a-errno.o)
                              Core/Src/syscalls.o (__errno)
c:/st/stm32cubeide_1.5.1/stm32cubeide/plugins/com.st.stm32cube.ide.mcu.externaltools.gnu-tools-for-stm32.9-2020-q2-update.win32_1.5.0.202011040924/tools/bin/../lib/gcc/arm-none-eabi/9.3.1/../../../../arm-none-eabi/lib/thumb/v7-m/nofp\libc_nano.a(lib_a-exit.o)
                              c:/st/stm32cubeide_1.5.1/stm32cubeide/plugins/com.st.stm32cube.ide.mcu.externaltools.gnu-tools-for-stm32.9-2020-q2-update.win32_1.5.0.202011040924/tools/bin/../lib/gcc/arm-none-eabi/9.3.1/../../../../arm-none-eabi/lib/thumb/v7-m/nofp/crt0.o (exit)
c:/st/stm32cubeide_1.5.1/stm32cubeide/plugins/com.st.stm32cube.ide.mcu.externaltools.gnu-tools-for-stm32.9-2020-q2-update.win32_1.5.0.202011040924/tools/bin/../lib/gcc/arm-none-eabi/9.3.1/../../../../arm-none-eabi/lib/thumb/v7-m/nofp\libc_nano.a(lib_a-impure.o)
                              c:/st/stm32cubeide_1.5.1/stm32cubeide/plugins/com.st.stm32cube.ide.mcu.externaltools.gnu-tools-for-stm32.9-2020-q2-update.win32_1.5.0.202011040924/tools/bin/../lib/gcc/arm-none-eabi/9.3.1/../../../../arm-none-eabi/lib/thumb/v7-m/nofp\libc_nano.a(lib_a-exit.o) (_global_impure_ptr)
c:/st/stm32cubeide_1.5.1/stm32cubeide/plugins/com.st.stm32cube.ide.mcu.externaltools.gnu-tools-for-stm32.9-2020-q2-update.win32_1.5.0.202011040924/tools/bin/../lib/gcc/arm-none-eabi/9.3.1/../../../../arm-none-eabi/lib/thumb/v7-m/nofp\libc_nano.a(lib_a-init.o)
                              c:/st/stm32cubeide_1.5.1/stm32cubeide/plugins/com.st.stm32cube.ide.mcu.externaltools.gnu-tools-for-stm32.9-2020-q2-update.win32_1.5.0.202011040924/tools/bin/../lib/gcc/arm-none-eabi/9.3.1/../../../../arm-none-eabi/lib/thumb/v7-m/nofp/crt0.o (__libc_init_array)
c:/st/stm32cubeide_1.5.1/stm32cubeide/plugins/com.st.stm32cube.ide.mcu.externaltools.gnu-tools-for-stm32.9-2020-q2-update.win32_1.5.0.202011040924/tools/bin/../lib/gcc/arm-none-eabi/9.3.1/../../../../arm-none-eabi/lib/thumb/v7-m/nofp\libc_nano.a(lib_a-memset.o)
                              c:/st/stm32cubeide_1.5.1/stm32cubeide/plugins/com.st.stm32cube.ide.mcu.externaltools.gnu-tools-for-stm32.9-2020-q2-update.win32_1.5.0.202011040924/tools/bin/../lib/gcc/arm-none-eabi/9.3.1/../../../../arm-none-eabi/lib/thumb/v7-m/nofp/crt0.o (memset)

Allocating common symbols
Common symbol       size              file

uwTick              0x4               Drivers/STM32F1xx_HAL_Driver/Src/stm32f1xx_hal.o
pFlash              0x20              Drivers/STM32F1xx_HAL_Driver/Src/stm32f1xx_hal_flash.o
Rxdata              0x20              Core/Src/main.o
hspi1               0x58              Core/Src/main.o
huart2              0x44              Core/Src/main.o

Discarded input sections

 .text          0x0000000000000000        0x0 c:/st/stm32cubeide_1.5.1/stm32cubeide/plugins/com.st.stm32cube.ide.mcu.externaltools.gnu-tools-for-stm32.9-2020-q2-update.win32_1.5.0.202011040924/tools/bin/../lib/gcc/arm-none-eabi/9.3.1/thumb/v7-m/nofp/crti.o
 .data          0x0000000000000000        0x0 c:/st/stm32cubeide_1.5.1/stm32cubeide/plugins/com.st.stm32cube.ide.mcu.externaltools.gnu-tools-for-stm32.9-2020-q2-update.win32_1.5.0.202011040924/tools/bin/../lib/gcc/arm-none-eabi/9.3.1/thumb/v7-m/nofp/crti.o
 .bss           0x0000000000000000        0x0 c:/st/stm32cubeide_1.5.1/stm32cubeide/plugins/com.st.stm32cube.ide.mcu.externaltools.gnu-tools-for-stm32.9-2020-q2-update.win32_1.5.0.202011040924/tools/bin/../lib/gcc/arm-none-eabi/9.3.1/thumb/v7-m/nofp/crti.o
 .data          0x0000000000000000        0x4 c:/st/stm32cubeide_1.5.1/stm32cubeide/plugins/com.st.stm32cube.ide.mcu.externaltools.gnu-tools-for-stm32.9-2020-q2-update.win32_1.5.0.202011040924/tools/bin/../lib/gcc/arm-none-eabi/9.3.1/thumb/v7-m/nofp/crtbegin.o
 .text          0x0000000000000000       0x7c c:/st/stm32cubeide_1.5.1/stm32cubeide/plugins/com.st.stm32cube.ide.mcu.externaltools.gnu-tools-for-stm32.9-2020-q2-update.win32_1.5.0.202011040924/tools/bin/../lib/gcc/arm-none-eabi/9.3.1/../../../../arm-none-eabi/lib/thumb/v7-m/nofp/crt0.o
 .data          0x0000000000000000        0x0 c:/st/stm32cubeide_1.5.1/stm32cubeide/plugins/com.st.stm32cube.ide.mcu.externaltools.gnu-tools-for-stm32.9-2020-q2-update.win32_1.5.0.202011040924/tools/bin/../lib/gcc/arm-none-eabi/9.3.1/../../../../arm-none-eabi/lib/thumb/v7-m/nofp/crt0.o
 .bss           0x0000000000000000        0x0 c:/st/stm32cubeide_1.5.1/stm32cubeide/plugins/com.st.stm32cube.ide.mcu.externaltools.gnu-tools-for-stm32.9-2020-q2-update.win32_1.5.0.202011040924/tools/bin/../lib/gcc/arm-none-eabi/9.3.1/../../../../arm-none-eabi/lib/thumb/v7-m/nofp/crt0.o
[...]
Memory Configuration

Name             Origin             Length             Attributes
RAM              0x0000000020000000 0x0000000000005000 xrw
FLASH            0x0000000008000000 0x0000000000010000 xr
*default*        0x0000000000000000 0xffffffffffffffff

Linker script and memory map

LOAD c:/st/stm32cubeide_1.5.1/stm32cubeide/plugins/com.st.stm32cube.ide.mcu.externaltools.gnu-tools-for-stm32.9-2020-q2-update.win32_1.5.0.202011040924/tools/bin/../lib/gcc/arm-none-eabi/9.3.1/thumb/v7-m/nofp/crti.o
LOAD c:/st/stm32cubeide_1.5.1/stm32cubeide/plugins/com.st.stm32cube.ide.mcu.externaltools.gnu-tools-for-stm32.9-2020-q2-update.win32_1.5.0.202011040924/tools/bin/../lib/gcc/arm-none-eabi/9.3.1/thumb/v7-m/nofp/crtbegin.o
LOAD c:/st/stm32cubeide_1.5.1/stm32cubeide/plugins/com.st.stm32cube.ide.mcu.externaltools.gnu-tools-for-stm32.9-2020-q2-update.win32_1.5.0.202011040924/tools/bin/../lib/gcc/arm-none-eabi/9.3.1/../../../../arm-none-eabi/lib/thumb/v7-m/nofp/crt0.o
LOAD Core/Src/main.o
LOAD Core/Src/nrf.o
LOAD Core/Src/stm32f1xx_hal_msp.o
LOAD Core/Src/stm32f1xx_it.o
LOAD Core/Src/syscalls.o
LOAD Core/Src/sysmem.o
LOAD Core/Src/system_stm32f1xx.o
LOAD Core/Startup/startup_stm32f103c8tx.o
LOAD Drivers/STM32F1xx_HAL_Driver/Src/stm32f1xx_hal.o
LOAD Drivers/STM32F1xx_HAL_Driver/Src/stm32f1xx_hal_cortex.o
LOAD Drivers/STM32F1xx_HAL_Driver/Src/stm32f1xx_hal_dma.o
LOAD Drivers/STM32F1xx_HAL_Driver/Src/stm32f1xx_hal_exti.o
LOAD Drivers/STM32F1xx_HAL_Driver/Src/stm32f1xx_hal_flash.o
LOAD Drivers/STM32F1xx_HAL_Driver/Src/stm32f1xx_hal_flash_ex.o
LOAD Drivers/STM32F1xx_HAL_Driver/Src/stm32f1xx_hal_gpio.o
LOAD Drivers/STM32F1xx_HAL_Driver/Src/stm32f1xx_hal_gpio_ex.o
LOAD Drivers/STM32F1xx_HAL_Driver/Src/stm32f1xx_hal_pwr.o
LOAD Drivers/STM32F1xx_HAL_Driver/Src/stm32f1xx_hal_rcc.o
LOAD Drivers/STM32F1xx_HAL_Driver/Src/stm32f1xx_hal_rcc_ex.o
LOAD Drivers/STM32F1xx_HAL_Driver/Src/stm32f1xx_hal_spi.o
LOAD Drivers/STM32F1xx_HAL_Driver/Src/stm32f1xx_hal_tim.o
LOAD Drivers/STM32F1xx_HAL_Driver/Src/stm32f1xx_hal_tim_ex.o
LOAD Drivers/STM32F1xx_HAL_Driver/Src/stm32f1xx_hal_uart.o
START GROUP
LOAD c:/st/stm32cubeide_1.5.1/stm32cubeide/plugins/com.st.stm32cube.ide.mcu.externaltools.gnu-tools-for-stm32.9-2020-q2-update.win32_1.5.0.202011040924/tools/bin/../lib/gcc/arm-none-eabi/9.3.1/../../../../arm-none-eabi/lib/thumb/v7-m/nofp\libc_nano.a
LOAD c:/st/stm32cubeide_1.5.1/stm32cubeide/plugins/com.st.stm32cube.ide.mcu.externaltools.gnu-tools-for-stm32.9-2020-q2-update.win32_1.5.0.202011040924/tools/bin/../lib/gcc/arm-none-eabi/9.3.1/../../../../arm-none-eabi/lib/thumb/v7-m/nofp\libm.a
END GROUP
START GROUP
LOAD c:/st/stm32cubeide_1.5.1/stm32cubeide/plugins/com.st.stm32cube.ide.mcu.externaltools.gnu-tools-for-stm32.9-2020-q2-update.win32_1.5.0.202011040924/tools/bin/../lib/gcc/arm-none-eabi/9.3.1/thumb/v7-m/nofp\libgcc.a
LOAD c:/st/stm32cubeide_1.5.1/stm32cubeide/plugins/com.st.stm32cube.ide.mcu.externaltools.gnu-tools-for-stm32.9-2020-q2-update.win32_1.5.0.202011040924/tools/bin/../lib/gcc/arm-none-eabi/9.3.1/../../../../arm-none-eabi/lib/thumb/v7-m/nofp\libc_nano.a
END GROUP
START GROUP
LOAD c:/st/stm32cubeide_1.5.1/stm32cubeide/plugins/com.st.stm32cube.ide.mcu.externaltools.gnu-tools-for-stm32.9-2020-q2-update.win32_1.5.0.202011040924/tools/bin/../lib/gcc/arm-none-eabi/9.3.1/thumb/v7-m/nofp\libgcc.a
LOAD c:/st/stm32cubeide_1.5.1/stm32cubeide/plugins/com.st.stm32cube.ide.mcu.externaltools.gnu-tools-for-stm32.9-2020-q2-update.win32_1.5.0.202011040924/tools/bin/../lib/gcc/arm-none-eabi/9.3.1/../../../../arm-none-eabi/lib/thumb/v7-m/nofp\libc_nano.a
LOAD c:/st/stm32cubeide_1.5.1/stm32cubeide/plugins/com.st.stm32cube.ide.mcu.externaltools.gnu-tools-for-stm32.9-2020-q2-update.win32_1.5.0.202011040924/tools/bin/../lib/gcc/arm-none-eabi/9.3.1/../../../../arm-none-eabi/lib/thumb/v7-m/nofp\libnosys.a
END GROUP
START GROUP
LOAD c:/st/stm32cubeide_1.5.1/stm32cubeide/plugins/com.st.stm32cube.ide.mcu.externaltools.gnu-tools-for-stm32.9-2020-q2-update.win32_1.5.0.202011040924/tools/bin/../lib/gcc/arm-none-eabi/9.3.1/thumb/v7-m/nofp\libgcc.a
LOAD c:/st/stm32cubeide_1.5.1/stm32cubeide/plugins/com.st.stm32cube.ide.mcu.externaltools.gnu-tools-for-stm32.9-2020-q2-update.win32_1.5.0.202011040924/tools/bin/../lib/gcc/arm-none-eabi/9.3.1/../../../../arm-none-eabi/lib/thumb/v7-m/nofp\libc_nano.a
LOAD c:/st/stm32cubeide_1.5.1/stm32cubeide/plugins/com.st.stm32cube.ide.mcu.externaltools.gnu-tools-for-stm32.9-2020-q2-update.win32_1.5.0.202011040924/tools/bin/../lib/gcc/arm-none-eabi/9.3.1/../../../../arm-none-eabi/lib/thumb/v7-m/nofp\libnosys.a
END GROUP
LOAD c:/st/stm32cubeide_1.5.1/stm32cubeide/plugins/com.st.stm32cube.ide.mcu.externaltools.gnu-tools-for-stm32.9-2020-q2-update.win32_1.5.0.202011040924/tools/bin/../lib/gcc/arm-none-eabi/9.3.1/thumb/v7-m/nofp/crtend.o
LOAD c:/st/stm32cubeide_1.5.1/stm32cubeide/plugins/com.st.stm32cube.ide.mcu.externaltools.gnu-tools-for-stm32.9-2020-q2-update.win32_1.5.0.202011040924/tools/bin/../lib/gcc/arm-none-eabi/9.3.1/thumb/v7-m/nofp/crtn.o
                0x0000000020005000                _estack = (ORIGIN (RAM) + LENGTH (RAM))
                0x0000000000000200                _Min_Heap_Size = 0x200
                0x0000000000000400                _Min_Stack_Size = 0x400

.isr_vector     0x0000000008000000      0x10c
                0x0000000008000000                . = ALIGN (0x4)
 *(.isr_vector)
 .isr_vector    0x0000000008000000      0x10c Core/Startup/startup_stm32f103c8tx.o
                0x0000000008000000                g_pfnVectors
                0x000000000800010c                . = ALIGN (0x4)

.text           0x000000000800010c     0x2450
                0x000000000800010c                . = ALIGN (0x4)
 *(.text)
 .text          0x000000000800010c       0x40 c:/st/stm32cubeide_1.5.1/stm32cubeide/plugins/com.st.stm32cube.ide.mcu.externaltools.gnu-tools-for-stm32.9-2020-q2-update.win32_1.5.0.202011040924/tools/bin/../lib/gcc/arm-none-eabi/9.3.1/thumb/v7-m/nofp/crtbegin.o
 *(.text*)
 .text.main     0x000000000800014c       0x54 Core/Src/main.o
                0x000000000800014c                main
 .text.SystemClock_Config
                0x00000000080001a0       0x8a Core/Src/main.o
                0x00000000080001a0                SystemClock_Config
 *fill*         0x000000000800022a        0x2 
 .text.MX_SPI1_Init
                0x000000000800022c       0x6c Core/Src/main.o
 .text.MX_USART2_UART_Init
                0x0000000008000298       0x54 Core/Src/main.o
 .text.MX_GPIO_Init
                0x00000000080002ec       0x80 Core/Src/main.o
 .text.Error_Handler
                0x000000000800036c        0xa Core/Src/main.o
                0x000000000800036c                Error_Handler
 *fill*         0x0000000008000376        0x2 
 .text.Cs_select
                0x0000000008000378       0x18 Core/Src/nrf.o
                0x0000000008000378                Cs_select
 .text.Cs_unselect
                0x0000000008000390       0x18 Core/Src/nrf.o
                0x0000000008000390                Cs_unselect
 .text.CE_enable
                0x00000000080003a8       0x18 Core/Src/nrf.o
                0x00000000080003a8                CE_enable
 .text.CE_disable
                0x00000000080003c0       0x18 Core/Src/nrf.o
                0x00000000080003c0                CE_disable
 .text.nrf_reg_single
                0x00000000080003d8       0x44 Core/Src/nrf.o
                0x00000000080003d8                nrf_reg_single
 .text.nrf_reg_multiple
                0x000000000800041c       0x4c Core/Src/nrf.o
                0x000000000800041c                nrf_reg_multiple
 .text.read_nrf_reg_single
                0x0000000008000468       0x40 Core/Src/nrf.o
                0x0000000008000468                read_nrf_reg_single
 .text.sendcmd  0x00000000080004a8       0x2c Core/Src/nrf.o
                0x00000000080004a8                sendcmd
 .text.init_device
                0x00000000080004d4       0x58 Core/Src/nrf.o
                0x00000000080004d4                init_device
 .text.nrf_rxmode
                0x000000000800052c       0x70 Core/Src/nrf.o
                0x000000000800052c                nrf_rxmode
 .text.data_check
                0x000000000800059c       0x3e Core/Src/nrf.o
                0x000000000800059c                data_check
 *fill*         0x00000000080005da        0x2 
 .text.receive_data
                0x00000000080005dc       0x54 Core/Src/nrf.o
                0x00000000080005dc                receive_data
 .text.HAL_MspInit
                0x0000000008000630       0x64 Core/Src/stm32f1xx_hal_msp.o
                0x0000000008000630                HAL_MspInit
 .text.HAL_SPI_MspInit
                0x0000000008000694       0x94 Core/Src/stm32f1xx_hal_msp.o
                0x0000000008000694                HAL_SPI_MspInit
 .text.HAL_UART_MspInit
                0x0000000008000728       0x94 Core/Src/stm32f1xx_hal_msp.o
                0x0000000008000728                HAL_UART_MspInit
 .text.NMI_Handler
                0x00000000080007bc        0x6 Core/Src/stm32f1xx_it.o
                0x00000000080007bc                NMI_Handler
 .text.HardFault_Handler
                0x00000000080007c2        0x6 Core/Src/stm32f1xx_it.o
                0x00000000080007c2                HardFault_Handler
 .text.MemManage_Handler
                0x00000000080007c8        0x6 Core/Src/stm32f1xx_it.o
                0x00000000080007c8                MemManage_Handler
 .text.BusFault_Handler
                0x00000000080007ce        0x6 Core/Src/stm32f1xx_it.o
                0x00000000080007ce                BusFault_Handler
 .text.UsageFault_Handler
                0x00000000080007d4        0x6 Core/Src/stm32f1xx_it.o
                0x00000000080007d4                UsageFault_Handler
 .text.SVC_Handler
                0x00000000080007da        0xc Core/Src/stm32f1xx_it.o
                0x00000000080007da                SVC_Handler
 .text.DebugMon_Handler
                0x00000000080007e6        0xc Core/Src/stm32f1xx_it.o
                0x00000000080007e6                DebugMon_Handler
 .text.PendSV_Handler
                0x00000000080007f2        0xc Core/Src/stm32f1xx_it.o
                0x00000000080007f2                PendSV_Handler
 .text.SysTick_Handler
                0x00000000080007fe        0xc Core/Src/stm32f1xx_it.o
                0x00000000080007fe                SysTick_Handler
 .text.SystemInit
                0x000000000800080a        0xc Core/Src/system_stm32f1xx.o
                0x000000000800080a                SystemInit
 *fill*         0x0000000008000816        0x2 
 .text.Reset_Handler
                0x0000000008000818       0x48 Core/Startup/startup_stm32f103c8tx.o
                0x0000000008000818                Reset_Handler
 .text.Default_Handler
                0x0000000008000860        0x2 Core/Startup/startup_stm32f103c8tx.o
                0x0000000008000860                RTC_Alarm_IRQHandler
                0x0000000008000860                EXTI2_IRQHandler
                0x0000000008000860                TIM1_CC_IRQHandler
                0x0000000008000860                PVD_IRQHandler
                0x0000000008000860                EXTI3_IRQHandler
                0x0000000008000860                EXTI0_IRQHandler
                0x0000000008000860                I2C2_EV_IRQHandler
                0x0000000008000860                ADC1_2_IRQHandler
                0x0000000008000860                SPI1_IRQHandler
                0x0000000008000860                TAMPER_IRQHandler
                0x0000000008000860                DMA1_Channel4_IRQHandler
                0x0000000008000860                USART3_IRQHandler
                0x0000000008000860                RTC_IRQHandler
                0x0000000008000860                DMA1_Channel7_IRQHandler
                0x0000000008000860                CAN1_RX1_IRQHandler
                0x0000000008000860                TIM4_IRQHandler
                0x0000000008000860                I2C1_EV_IRQHandler
                0x0000000008000860                DMA1_Channel6_IRQHandler
                0x0000000008000860                TIM3_IRQHandler
                0x0000000008000860                RCC_IRQHandler
                0x0000000008000860                TIM1_TRG_COM_IRQHandler
                0x0000000008000860                DMA1_Channel1_IRQHandler
                0x0000000008000860                Default_Handler
                0x0000000008000860                EXTI15_10_IRQHandler
                0x0000000008000860                EXTI9_5_IRQHandler
                0x0000000008000860                SPI2_IRQHandler
                0x0000000008000860                DMA1_Channel5_IRQHandler
                0x0000000008000860                EXTI4_IRQHandler
                0x0000000008000860                USB_LP_CAN1_RX0_IRQHandler
                0x0000000008000860                USB_HP_CAN1_TX_IRQHandler
                0x0000000008000860                DMA1_Channel3_IRQHandler
                0x0000000008000860                TIM1_UP_IRQHandler
                0x0000000008000860                WWDG_IRQHandler
                0x0000000008000860                TIM2_IRQHandler
                0x0000000008000860                TIM1_BRK_IRQHandler
                0x0000000008000860                EXTI1_IRQHandler
                0x0000000008000860                USART2_IRQHandler
                0x0000000008000860                I2C2_ER_IRQHandler
                0x0000000008000860                DMA1_Channel2_IRQHandler
                0x0000000008000860                CAN1_SCE_IRQHandler
                0x0000000008000860                FLASH_IRQHandler
                0x0000000008000860                USART1_IRQHandler
                0x0000000008000860                I2C1_ER_IRQHandler
                0x0000000008000860                USBWakeUp_IRQHandler
 *fill*         0x0000000008000862        0x2 
 .text.HAL_Init
                0x0000000008000864       0x2c Drivers/STM32F1xx_HAL_Driver/Src/stm32f1xx_hal.o
                0x0000000008000864                HAL_Init
 .text.HAL_InitTick
                0x0000000008000890       0x60 Drivers/STM32F1xx_HAL_Driver/Src/stm32f1xx_hal.o
                0x0000000008000890                HAL_InitTick
 .text.HAL_IncTick
                0x00000000080008f0       0x24 Drivers/STM32F1xx_HAL_Driver/Src/stm32f1xx_hal.o
                0x00000000080008f0                HAL_IncTick
 .text.HAL_GetTick
                0x0000000008000914       0x14 Drivers/STM32F1xx_HAL_Driver/Src/stm32f1xx_hal.o
                0x0000000008000914                HAL_GetTick
 .text.HAL_Delay
                0x0000000008000928       0x48 Drivers/STM32F1xx_HAL_Driver/Src/stm32f1xx_hal.o
                0x0000000008000928                HAL_Delay
 .text.__NVIC_SetPriorityGrouping
                0x0000000008000970       0x48 Drivers/STM32F1xx_HAL_Driver/Src/stm32f1xx_hal_cortex.o
 .text.__NVIC_GetPriorityGrouping
                0x00000000080009b8       0x1c Drivers/STM32F1xx_HAL_Driver/Src/stm32f1xx_hal_cortex.o
 .text.__NVIC_SetPriority
                0x00000000080009d4       0x54 Drivers/STM32F1xx_HAL_Driver/Src/stm32f1xx_hal_cortex.o
 .text.NVIC_EncodePriority
                0x0000000008000a28       0x64 Drivers/STM32F1xx_HAL_Driver/Src/stm32f1xx_hal_cortex.o
 .text.SysTick_Config
                0x0000000008000a8c       0x44 Drivers/STM32F1xx_HAL_Driver/Src/stm32f1xx_hal_cortex.o
 .text.HAL_NVIC_SetPriorityGrouping
                0x0000000008000ad0       0x16 Drivers/STM32F1xx_HAL_Driver/Src/stm32f1xx_hal_cortex.o
                0x0000000008000ad0                HAL_NVIC_SetPriorityGrouping
 .text.HAL_NVIC_SetPriority
                0x0000000008000ae6       0x38 Drivers/STM32F1xx_HAL_Driver/Src/stm32f1xx_hal_cortex.o
                0x0000000008000ae6                HAL_NVIC_SetPriority
 .text.HAL_SYSTICK_Config
                0x0000000008000b1e       0x18 Drivers/STM32F1xx_HAL_Driver/Src/stm32f1xx_hal_cortex.o
                0x0000000008000b1e                HAL_SYSTICK_Config
 *fill*         0x0000000008000b36        0x2 
 .text.HAL_GPIO_Init
                0x0000000008000b38      0x308 Drivers/STM32F1xx_HAL_Driver/Src/stm32f1xx_hal_gpio.o
                0x0000000008000b38                HAL_GPIO_Init
 .text.HAL_GPIO_WritePin
                0x0000000008000e40       0x30 Drivers/STM32F1xx_HAL_Driver/Src/stm32f1xx_hal_gpio.o
                0x0000000008000e40                HAL_GPIO_WritePin
 .text.HAL_RCC_OscConfig
                0x0000000008000e70      0x500 Drivers/STM32F1xx_HAL_Driver/Src/stm32f1xx_hal_rcc.o
                0x0000000008000e70                HAL_RCC_OscConfig
 .text.HAL_RCC_ClockConfig
                0x0000000008001370      0x1d4 Drivers/STM32F1xx_HAL_Driver/Src/stm32f1xx_hal_rcc.o
                0x0000000008001370                HAL_RCC_ClockConfig
 .text.HAL_RCC_GetSysClockFreq
                0x0000000008001544       0xc0 Drivers/STM32F1xx_HAL_Driver/Src/stm32f1xx_hal_rcc.o
                0x0000000008001544                HAL_RCC_GetSysClockFreq
 .text.HAL_RCC_GetHCLKFreq
                0x0000000008001604       0x14 Drivers/STM32F1xx_HAL_Driver/Src/stm32f1xx_hal_rcc.o
                0x0000000008001604                HAL_RCC_GetHCLKFreq
 .text.HAL_RCC_GetPCLK1Freq
                0x0000000008001618       0x28 Drivers/STM32F1xx_HAL_Driver/Src/stm32f1xx_hal_rcc.o
                0x0000000008001618                HAL_RCC_GetPCLK1Freq
 .text.HAL_RCC_GetPCLK2Freq
                0x0000000008001640       0x28 Drivers/STM32F1xx_HAL_Driver/Src/stm32f1xx_hal_rcc.o
                0x0000000008001640                HAL_RCC_GetPCLK2Freq
 .text.RCC_Delay
                0x0000000008001668       0x3c Drivers/STM32F1xx_HAL_Driver/Src/stm32f1xx_hal_rcc.o
 .text.HAL_SPI_Init
                0x00000000080016a4      0x108 Drivers/STM32F1xx_HAL_Driver/Src/stm32f1xx_hal_spi.o
                0x00000000080016a4                HAL_SPI_Init
 .text.HAL_SPI_Transmit
                0x00000000080017ac      0x278 Drivers/STM32F1xx_HAL_Driver/Src/stm32f1xx_hal_spi.o
                0x00000000080017ac                HAL_SPI_Transmit
 .text.HAL_SPI_Receive
                0x0000000008001a24      0x222 Drivers/STM32F1xx_HAL_Driver/Src/stm32f1xx_hal_spi.o
                0x0000000008001a24                HAL_SPI_Receive
 .text.HAL_SPI_TransmitReceive
                0x0000000008001c46      0x344 Drivers/STM32F1xx_HAL_Driver/Src/stm32f1xx_hal_spi.o
                0x0000000008001c46                HAL_SPI_TransmitReceive
 *fill*         0x0000000008001f8a        0x2 
 .text.SPI_WaitFlagStateUntilTimeout
                0x0000000008001f8c      0x110 Drivers/STM32F1xx_HAL_Driver/Src/stm32f1xx_hal_spi.o
 .text.SPI_EndRxTransaction
                0x000000000800209c       0xa4 Drivers/STM32F1xx_HAL_Driver/Src/stm32f1xx_hal_spi.o
 .text.SPI_EndRxTxTransaction
                0x0000000008002140       0x3c Drivers/STM32F1xx_HAL_Driver/Src/stm32f1xx_hal_spi.o
 .text.HAL_UART_Init
                0x000000000800217c       0x9a Drivers/STM32F1xx_HAL_Driver/Src/stm32f1xx_hal_uart.o
                0x000000000800217c                HAL_UART_Init
 .text.HAL_UART_Transmit
                0x0000000008002216      0x124 Drivers/STM32F1xx_HAL_Driver/Src/stm32f1xx_hal_uart.o
                0x0000000008002216                HAL_UART_Transmit
 .text.UART_WaitOnFlagUntilTimeout
                0x000000000800233a       0x94 Drivers/STM32F1xx_HAL_Driver/Src/stm32f1xx_hal_uart.o
 *fill*         0x00000000080023ce        0x2 
 .text.UART_SetConfig
                0x00000000080023d0      0x11c Drivers/STM32F1xx_HAL_Driver/Src/stm32f1xx_hal_uart.o
 .text.__libc_init_array
                0x00000000080024ec       0x48 c:/st/stm32cubeide_1.5.1/stm32cubeide/plugins/com.st.stm32cube.ide.mcu.externaltools.gnu-tools-for-stm32.9-2020-q2-update.win32_1.5.0.202011040924/tools/bin/../lib/gcc/arm-none-eabi/9.3.1/../../../../arm-none-eabi/lib/thumb/v7-m/nofp\libc_nano.a(lib_a-init.o)
                0x00000000080024ec                __libc_init_array
 .text.memset   0x0000000008002534       0x10 c:/st/stm32cubeide_1.5.1/stm32cubeide/plugins/com.st.stm32cube.ide.mcu.externaltools.gnu-tools-for-stm32.9-2020-q2-update.win32_1.5.0.202011040924/tools/bin/../lib/gcc/arm-none-eabi/9.3.1/../../../../arm-none-eabi/lib/thumb/v7-m/nofp\libc_nano.a(lib_a-memset.o)
                0x0000000008002534                memset
 *(.glue_7)
 .glue_7        0x0000000008002544        0x0 linker stubs
 *(.glue_7t)
 .glue_7t       0x0000000008002544        0x0 linker stubs
 *(.eh_frame)
 .eh_frame      0x0000000008002544        0x0 c:/st/stm32cubeide_1.5.1/stm32cubeide/plugins/com.st.stm32cube.ide.mcu.externaltools.gnu-tools-for-stm32.9-2020-q2-update.win32_1.5.0.202011040924/tools/bin/../lib/gcc/arm-none-eabi/9.3.1/thumb/v7-m/nofp/crtbegin.o
 *(.init)
 .init          0x0000000008002544        0x4 c:/st/stm32cubeide_1.5.1/stm32cubeide/plugins/com.st.stm32cube.ide.mcu.externaltools.gnu-tools-for-stm32.9-2020-q2-update.win32_1.5.0.202011040924/tools/bin/../lib/gcc/arm-none-eabi/9.3.1/thumb/v7-m/nofp/crti.o
                0x0000000008002544                _init
 .init          0x0000000008002548        0x8 c:/st/stm32cubeide_1.5.1/stm32cubeide/plugins/com.st.stm32cube.ide.mcu.externaltools.gnu-tools-for-stm32.9-2020-q2-update.win32_1.5.0.202011040924/tools/bin/../lib/gcc/arm-none-eabi/9.3.1/thumb/v7-m/nofp/crtn.o
 *(.fini)
 .fini          0x0000000008002550        0x4 c:/st/stm32cubeide_1.5.1/stm32cubeide/plugins/com.st.stm32cube.ide.mcu.externaltools.gnu-tools-for-stm32.9-2020-q2-update.win32_1.5.0.202011040924/tools/bin/../lib/gcc/arm-none-eabi/9.3.1/thumb/v7-m/nofp/crti.o
                0x0000000008002550                _fini
 .fini          0x0000000008002554        0x8 c:/st/stm32cubeide_1.5.1/stm32cubeide/plugins/com.st.stm32cube.ide.mcu.externaltools.gnu-tools-for-stm32.9-2020-q2-update.win32_1.5.0.202011040924/tools/bin/../lib/gcc/arm-none-eabi/9.3.1/thumb/v7-m/nofp/crtn.o
                0x000000000800255c                . = ALIGN (0x4)
                0x000000000800255c                _etext = .

.vfp11_veneer   0x000000000800255c        0x0
 .vfp11_veneer  0x000000000800255c        0x0 linker stubs

.v4_bx          0x000000000800255c        0x0
 .v4_bx         0x000000000800255c        0x0 linker stubs

.iplt           0x000000000800255c        0x0
 .iplt          0x000000000800255c        0x0 c:/st/stm32cubeide_1.5.1/stm32cubeide/plugins/com.st.stm32cube.ide.mcu.externaltools.gnu-tools-for-stm32.9-2020-q2-update.win32_1.5.0.202011040924/tools/bin/../lib/gcc/arm-none-eabi/9.3.1/thumb/v7-m/nofp/crtbegin.o

.rodata         0x000000000800255c       0x28
                0x000000000800255c                . = ALIGN (0x4)
 *(.rodata)
 .rodata        0x000000000800255c       0x10 Drivers/STM32F1xx_HAL_Driver/Src/stm32f1xx_hal_rcc.o
 *(.rodata*)
 .rodata.AHBPrescTable
                0x000000000800256c       0x10 Core/Src/system_stm32f1xx.o
                0x000000000800256c                AHBPrescTable
 .rodata.APBPrescTable
                0x000000000800257c        0x8 Core/Src/system_stm32f1xx.o
                0x000000000800257c                APBPrescTable
                0x0000000008002584                . = ALIGN (0x4)

.rel.dyn        0x0000000008002584        0x0
 .rel.iplt      0x0000000008002584        0x0 c:/st/stm32cubeide_1.5.1/stm32cubeide/plugins/com.st.stm32cube.ide.mcu.externaltools.gnu-tools-for-stm32.9-2020-q2-update.win32_1.5.0.202011040924/tools/bin/../lib/gcc/arm-none-eabi/9.3.1/thumb/v7-m/nofp/crtbegin.o

.ARM.extab      0x0000000008002584        0x0
                0x0000000008002584                . = ALIGN (0x4)
 *(.ARM.extab* .gnu.linkonce.armextab.*)
                0x0000000008002584                . = ALIGN (0x4)

.ARM            0x0000000008002584        0x0
                0x0000000008002584                . = ALIGN (0x4)
                0x0000000008002584                __exidx_start = .
 *(.ARM.exidx*)
                0x0000000008002584                __exidx_end = .
                0x0000000008002584                . = ALIGN (0x4)

.preinit_array  0x0000000008002584        0x0
                0x0000000008002584                . = ALIGN (0x4)
                0x0000000008002584                PROVIDE (__preinit_array_start = .)
 *(.preinit_array*)
                0x0000000008002584                PROVIDE (__preinit_array_end = .)
                0x0000000008002584                . = ALIGN (0x4)

.init_array     0x0000000008002584        0x4
                0x0000000008002584                . = ALIGN (0x4)
                0x0000000008002584                PROVIDE (__init_array_start = .)
 *(SORT_BY_NAME(.init_array.*))
 *(.init_array*)
 .init_array    0x0000000008002584        0x4 c:/st/stm32cubeide_1.5.1/stm32cubeide/plugins/com.st.stm32cube.ide.mcu.externaltools.gnu-tools-for-stm32.9-2020-q2-update.win32_1.5.0.202011040924/tools/bin/../lib/gcc/arm-none-eabi/9.3.1/thumb/v7-m/nofp/crtbegin.o
                0x0000000008002588                PROVIDE (__init_array_end = .)
                0x0000000008002588                . = ALIGN (0x4)

.fini_array     0x0000000008002588        0x4
                0x0000000008002588                . = ALIGN (0x4)
                [!provide]                        PROVIDE (__fini_array_start = .)
 *(SORT_BY_NAME(.fini_array.*))
 *(.fini_array*)
 .fini_array    0x0000000008002588        0x4 c:/st/stm32cubeide_1.5.1/stm32cubeide/plugins/com.st.stm32cube.ide.mcu.externaltools.gnu-tools-for-stm32.9-2020-q2-update.win32_1.5.0.202011040924/tools/bin/../lib/gcc/arm-none-eabi/9.3.1/thumb/v7-m/nofp/crtbegin.o
                [!provide]                        PROVIDE (__fini_array_end = .)
                0x000000000800258c                . = ALIGN (0x4)
                0x000000000800258c                _sidata = LOADADDR (.data)

.data           0x0000000020000000       0x14 load address 0x000000000800258c
                0x0000000020000000                . = ALIGN (0x4)
                0x0000000020000000                _sdata = .
 *(.data)
 *(.data*)
 .data.RxAddress
                0x0000000020000000        0x5 Core/Src/main.o
                0x0000000020000000                RxAddress
 *fill*         0x0000000020000005        0x3 
 .data.SystemCoreClock
                0x0000000020000008        0x4 Core/Src/system_stm32f1xx.o
                0x0000000020000008                SystemCoreClock
 .data.uwTickPrio
                0x000000002000000c        0x4 Drivers/STM32F1xx_HAL_Driver/Src/stm32f1xx_hal.o
                0x000000002000000c                uwTickPrio
 .data.uwTickFreq
                0x0000000020000010        0x1 Drivers/STM32F1xx_HAL_Driver/Src/stm32f1xx_hal.o
                0x0000000020000010                uwTickFreq
 *(.RamFunc)
 *(.RamFunc*)
                0x0000000020000014                . = ALIGN (0x4)
 *fill*         0x0000000020000011        0x3 
                0x0000000020000014                _edata = .

.igot.plt       0x0000000020000014        0x0 load address 0x00000000080025a0
 .igot.plt      0x0000000020000014        0x0 c:/st/stm32cubeide_1.5.1/stm32cubeide/plugins/com.st.stm32cube.ide.mcu.externaltools.gnu-tools-for-stm32.9-2020-q2-update.win32_1.5.0.202011040924/tools/bin/../lib/gcc/arm-none-eabi/9.3.1/thumb/v7-m/nofp/crtbegin.o
                0x0000000020000014                . = ALIGN (0x4)

.bss            0x0000000020000014       0xdc load address 0x00000000080025a0
                0x0000000020000014                _sbss = .
                0x0000000020000014                __bss_start__ = _sbss
 *(.bss)
 .bss           0x0000000020000014       0x1c c:/st/stm32cubeide_1.5.1/stm32cubeide/plugins/com.st.stm32cube.ide.mcu.externaltools.gnu-tools-for-stm32.9-2020-q2-update.win32_1.5.0.202011040924/tools/bin/../lib/gcc/arm-none-eabi/9.3.1/thumb/v7-m/nofp/crtbegin.o
 *(.bss*)
 *(COMMON)
 COMMON         0x0000000020000030       0xbc Core/Src/main.o
                0x0000000020000030                Rxdata
                0x0000000020000050                hspi1
                0x00000000200000a8                huart2
 COMMON         0x00000000200000ec        0x4 Drivers/STM32F1xx_HAL_Driver/Src/stm32f1xx_hal.o
                0x00000000200000ec                uwTick
                0x00000000200000f0                . = ALIGN (0x4)
                0x00000000200000f0                _ebss = .
                0x00000000200000f0                __bss_end__ = _ebss

._user_heap_stack
                0x00000000200000f0      0x600 load address 0x00000000080025a0
                0x00000000200000f0                . = ALIGN (0x8)
                [!provide]                        PROVIDE (end = .)
                0x00000000200000f0                PROVIDE (_end = .)
                0x00000000200002f0                . = (. + _Min_Heap_Size)
 *fill*         0x00000000200000f0      0x200 
                0x00000000200006f0                . = (. + _Min_Stack_Size)
 *fill*         0x00000000200002f0      0x400 
                0x00000000200006f0                . = ALIGN (0x8)

/DISCARD/
 libc.a(*)
 libm.a(*)
 libgcc.a(*)

.ARM.attributes
                0x0000000000000000       0x29
 *(.ARM.attributes)
 .ARM.attributes
                0x0000000000000000       0x1d c:/st/stm32cubeide_1.5.1/stm32cubeide/plugins/com.st.stm32cube.ide.mcu.externaltools.gnu-tools-for-stm32.9-2020-q2-update.win32_1.5.0.202011040924/tools/bin/../lib/gcc/arm-none-eabi/9.3.1/thumb/v7-m/nofp/crti.o
 .ARM.attributes
                0x000000000000001d       0x2d c:/st/stm32cubeide_1.5.1/stm32cubeide/plugins/com.st.stm32cube.ide.mcu.externaltools.gnu-tools-for-stm32.9-2020-q2-update.win32_1.5.0.202011040924/tools/bin/../lib/gcc/arm-none-eabi/9.3.1/thumb/v7-m/nofp/crtbegin.o
 .ARM.attributes
                0x000000000000004a       0x2d Core/Src/main.o
 .ARM.attributes
                0x0000000000000077       0x2d Core/Src/nrf.o
 .ARM.attributes
                0x00000000000000a4       0x2d Core/Src/stm32f1xx_hal_msp.o
 .ARM.attributes
                0x00000000000000d1       0x2d Core/Src/stm32f1xx_it.o
 .ARM.attributes
                0x00000000000000fe       0x2d Core/Src/system_stm32f1xx.o
 .ARM.attributes
                0x000000000000012b       0x21 Core/Startup/startup_stm32f103c8tx.o
 .ARM.attributes
                0x000000000000014c       0x2d Drivers/STM32F1xx_HAL_Driver/Src/stm32f1xx_hal.o
 .ARM.attributes
                0x0000000000000179       0x2d Drivers/STM32F1xx_HAL_Driver/Src/stm32f1xx_hal_cortex.o
 .ARM.attributes
                0x00000000000001a6       0x2d Drivers/STM32F1xx_HAL_Driver/Src/stm32f1xx_hal_gpio.o
 .ARM.attributes
                0x00000000000001d3       0x2d Drivers/STM32F1xx_HAL_Driver/Src/stm32f1xx_hal_rcc.o
 .ARM.attributes
                0x0000000000000200       0x2d Drivers/STM32F1xx_HAL_Driver/Src/stm32f1xx_hal_spi.o
 .ARM.attributes
                0x000000000000022d       0x2d Drivers/STM32F1xx_HAL_Driver/Src/stm32f1xx_hal_uart.o
 .ARM.attributes
                0x000000000000025a       0x2d c:/st/stm32cubeide_1.5.1/stm32cubeide/plugins/com.st.stm32cube.ide.mcu.externaltools.gnu-tools-for-stm32.9-2020-q2-update.win32_1.5.0.202011040924/tools/bin/../lib/gcc/arm-none-eabi/9.3.1/../../../../arm-none-eabi/lib/thumb/v7-m/nofp\libc_nano.a(lib_a-init.o)
 .ARM.attributes
                0x0000000000000287       0x2d c:/st/stm32cubeide_1.5.1/stm32cubeide/plugins/com.st.stm32cube.ide.mcu.externaltools.gnu-tools-for-stm32.9-2020-q2-update.win32_1.5.0.202011040924/tools/bin/../lib/gcc/arm-none-eabi/9.3.1/../../../../arm-none-eabi/lib/thumb/v7-m/nofp\libc_nano.a(lib_a-memset.o)
 .ARM.attributes
                0x00000000000002b4       0x1d c:/st/stm32cubeide_1.5.1/stm32cubeide/plugins/com.st.stm32cube.ide.mcu.externaltools.gnu-tools-for-stm32.9-2020-q2-update.win32_1.5.0.202011040924/tools/bin/../lib/gcc/arm-none-eabi/9.3.1/thumb/v7-m/nofp/crtn.o
OUTPUT(receiver_module_nrf_24.elf elf32-littlearm)
LOAD linker stubs
LOAD c:/st/stm32cubeide_1.5.1/stm32cubeide/plugins/com.st.stm32cube.ide.mcu.externaltools.gnu-tools-for-stm32.9-2020-q2-update.win32_1.5.0.202011040924/tools/bin/../lib/gcc/arm-none-eabi/9.3.1/../../../../arm-none-eabi/lib/thumb/v7-m/nofp\libc.a
LOAD c:/st/stm32cubeide_1.5.1/stm32cubeide/plugins/com.st.stm32cube.ide.mcu.externaltools.gnu-tools-for-stm32.9-2020-q2-update.win32_1.5.0.202011040924/tools/bin/../lib/gcc/arm-none-eabi/9.3.1/../../../../arm-none-eabi/lib/thumb/v7-m/nofp\libm.a
LOAD c:/st/stm32cubeide_1.5.1/stm32cubeide/plugins/com.st.stm32cube.ide.mcu.externaltools.gnu-tools-for-stm32.9-2020-q2-update.win32_1.5.0.202011040924/tools/bin/../lib/gcc/arm-none-eabi/9.3.1/thumb/v7-m/nofp\libgcc.a

.debug_info     0x0000000000000000     0x7fa5
 .debug_info    0x0000000000000000     0x1538 Core/Src/main.o
 .debug_info    0x0000000000001538      0x9da Core/Src/nrf.o
 .debug_info    0x0000000000001f12      0xbe3 Core/Src/stm32f1xx_hal_msp.o
 .debug_info    0x0000000000002af5      0x222 Core/Src/stm32f1xx_it.o
 .debug_info    0x0000000000002d17      0x2be Core/Src/system_stm32f1xx.o
 .debug_info    0x0000000000002fd5       0x22 Core/Startup/startup_stm32f103c8tx.o
 .debug_info    0x0000000000002ff7      0x76a Drivers/STM32F1xx_HAL_Driver/Src/stm32f1xx_hal.o
 .debug_info    0x0000000000003761      0xbdc Drivers/STM32F1xx_HAL_Driver/Src/stm32f1xx_hal_cortex.o
 .debug_info    0x000000000000433d      0x701 Drivers/STM32F1xx_HAL_Driver/Src/stm32f1xx_hal_gpio.o
 .debug_info    0x0000000000004a3e      0x88e Drivers/STM32F1xx_HAL_Driver/Src/stm32f1xx_hal_rcc.o
 .debug_info    0x00000000000052cc     0x16bf Drivers/STM32F1xx_HAL_Driver/Src/stm32f1xx_hal_spi.o
 .debug_info    0x000000000000698b     0x161a Drivers/STM32F1xx_HAL_Driver/Src/stm32f1xx_hal_uart.o

.debug_abbrev   0x0000000000000000     0x169d
 .debug_abbrev  0x0000000000000000      0x28c Core/Src/main.o
 .debug_abbrev  0x000000000000028c      0x1df Core/Src/nrf.o
 .debug_abbrev  0x000000000000046b      0x1ac Core/Src/stm32f1xx_hal_msp.o
 .debug_abbrev  0x0000000000000617       0xd2 Core/Src/stm32f1xx_it.o
 .debug_abbrev  0x00000000000006e9      0x14e Core/Src/system_stm32f1xx.o
 .debug_abbrev  0x0000000000000837       0x12 Core/Startup/startup_stm32f103c8tx.o
 .debug_abbrev  0x0000000000000849      0x1ed Drivers/STM32F1xx_HAL_Driver/Src/stm32f1xx_hal.o
 .debug_abbrev  0x0000000000000a36      0x313 Drivers/STM32F1xx_HAL_Driver/Src/stm32f1xx_hal_cortex.o
 .debug_abbrev  0x0000000000000d49      0x1e8 Drivers/STM32F1xx_HAL_Driver/Src/stm32f1xx_hal_gpio.o
 .debug_abbrev  0x0000000000000f31      0x273 Drivers/STM32F1xx_HAL_Driver/Src/stm32f1xx_hal_rcc.o
 .debug_abbrev  0x00000000000011a4      0x26e Drivers/STM32F1xx_HAL_Driver/Src/stm32f1xx_hal_spi.o
 .debug_abbrev  0x0000000000001412      0x28b Drivers/STM32F1xx_HAL_Driver/Src/stm32f1xx_hal_uart.o

.debug_aranges  0x0000000000000000      0x860
 .debug_aranges
                0x0000000000000000       0x48 Core/Src/main.o
 .debug_aranges
                0x0000000000000048       0x90 Core/Src/nrf.o
 .debug_aranges
                0x00000000000000d8       0x40 Core/Src/stm32f1xx_hal_msp.o
 .debug_aranges
                0x0000000000000118       0x60 Core/Src/stm32f1xx_it.o
 .debug_aranges
                0x0000000000000178       0x28 Core/Src/system_stm32f1xx.o
 .debug_aranges
                0x00000000000001a0       0x28 Core/Startup/startup_stm32f103c8tx.o
 .debug_aranges
                0x00000000000001c8       0xe0 Drivers/STM32F1xx_HAL_Driver/Src/stm32f1xx_hal.o
 .debug_aranges
                0x00000000000002a8      0x100 Drivers/STM32F1xx_HAL_Driver/Src/stm32f1xx_hal_cortex.o
 .debug_aranges
                0x00000000000003a8       0x58 Drivers/STM32F1xx_HAL_Driver/Src/stm32f1xx_hal_gpio.o
 .debug_aranges
                0x0000000000000400       0x90 Drivers/STM32F1xx_HAL_Driver/Src/stm32f1xx_hal_rcc.o
 .debug_aranges
                0x0000000000000490      0x1d0 Drivers/STM32F1xx_HAL_Driver/Src/stm32f1xx_hal_spi.o
 .debug_aranges
                0x0000000000000660      0x200 Drivers/STM32F1xx_HAL_Driver/Src/stm32f1xx_hal_uart.o

.debug_ranges   0x0000000000000000      0x7d8
 .debug_ranges  0x0000000000000000       0x38 Core/Src/main.o
 .debug_ranges  0x0000000000000038       0x80 Core/Src/nrf.o
 .debug_ranges  0x00000000000000b8       0x30 Core/Src/stm32f1xx_hal_msp.o
 .debug_ranges  0x00000000000000e8       0x50 Core/Src/stm32f1xx_it.o
 .debug_ranges  0x0000000000000138       0x18 Core/Src/system_stm32f1xx.o
 .debug_ranges  0x0000000000000150       0x20 Core/Startup/startup_stm32f103c8tx.o
 .debug_ranges  0x0000000000000170       0xd0 Drivers/STM32F1xx_HAL_Driver/Src/stm32f1xx_hal.o
 .debug_ranges  0x0000000000000240       0xf0 Drivers/STM32F1xx_HAL_Driver/Src/stm32f1xx_hal_cortex.o
 .debug_ranges  0x0000000000000330       0x48 Drivers/STM32F1xx_HAL_Driver/Src/stm32f1xx_hal_gpio.o
 .debug_ranges  0x0000000000000378       0x80 Drivers/STM32F1xx_HAL_Driver/Src/stm32f1xx_hal_rcc.o
 .debug_ranges  0x00000000000003f8      0x1c0 Drivers/STM32F1xx_HAL_Driver/Src/stm32f1xx_hal_spi.o
 .debug_ranges  0x00000000000005b8      0x220 Drivers/STM32F1xx_HAL_Driver/Src/stm32f1xx_hal_uart.o

.debug_macro    0x0000000000000000    0x16c0d
 .debug_macro   0x0000000000000000      0x27e Core/Src/main.o
 .debug_macro   0x000000000000027e      0xa9c Core/Src/main.o
 .debug_macro   0x0000000000000d1a      0x21b Core/Src/main.o
 .debug_macro   0x0000000000000f35       0x2e Core/Src/main.o
 .debug_macro   0x0000000000000f63       0x22 Core/Src/main.o
 .debug_macro   0x0000000000000f85       0x22 Core/Src/main.o
 .debug_macro   0x0000000000000fa7       0x8e Core/Src/main.o
 .debug_macro   0x0000000000001035       0x51 Core/Src/main.o
 .debug_macro   0x0000000000001086      0x103 Core/Src/main.o
 .debug_macro   0x0000000000001189       0x6a Core/Src/main.o
 .debug_macro   0x00000000000011f3      0x1df Core/Src/main.o
 .debug_macro   0x00000000000013d2       0x1c Core/Src/main.o
 .debug_macro   0x00000000000013ee       0x22 Core/Src/main.o
 .debug_macro   0x0000000000001410       0xc3 Core/Src/main.o
 .debug_macro   0x00000000000014d3      0xd23 Core/Src/main.o
 .debug_macro   0x00000000000021f6     0xe09e Core/Src/main.o
 .debug_macro   0x0000000000010294       0x6d Core/Src/main.o
 .debug_macro   0x0000000000010301     0x3468 Core/Src/main.o
 .debug_macro   0x0000000000013769      0x174 Core/Src/main.o
 .debug_macro   0x00000000000138dd       0x5c Core/Src/main.o
 .debug_macro   0x0000000000013939      0x5be Core/Src/main.o
 .debug_macro   0x0000000000013ef7      0x289 Core/Src/main.o
 .debug_macro   0x0000000000014180      0x1cb Core/Src/main.o
 .debug_macro   0x000000000001434b      0x114 Core/Src/main.o
 .debug_macro   0x000000000001445f      0x1b2 Core/Src/main.o
 .debug_macro   0x0000000000014611       0x27 Core/Src/main.o
 .debug_macro   0x0000000000014638      0x136 Core/Src/main.o
 .debug_macro   0x000000000001476e      0x1bc Core/Src/main.o
 .debug_macro   0x000000000001492a       0x34 Core/Src/main.o
 .debug_macro   0x000000000001495e       0x3c Core/Src/main.o
 .debug_macro   0x000000000001499a       0x57 Core/Src/main.o
 .debug_macro   0x00000000000149f1       0x88 Core/Src/main.o
 .debug_macro   0x0000000000014a79      0x241 Core/Src/main.o
 .debug_macro   0x0000000000014cba      0x141 Core/Src/main.o
 .debug_macro   0x0000000000014dfb      0x217 Core/Src/main.o
 .debug_macro   0x0000000000015012      0x279 Core/Src/main.o
 .debug_macro   0x000000000001528b       0x83 Core/Src/main.o
 .debug_macro   0x000000000001530e       0x1c Core/Src/main.o
 .debug_macro   0x000000000001532a       0xee Core/Src/main.o
 .debug_macro   0x0000000000015418       0x52 Core/Src/main.o
 .debug_macro   0x000000000001546a       0x18 Core/Src/main.o
 .debug_macro   0x0000000000015482       0x3c Core/Src/main.o
 .debug_macro   0x00000000000154be       0x34 Core/Src/main.o
 .debug_macro   0x00000000000154f2       0x16 Core/Src/main.o
 .debug_macro   0x0000000000015508       0x43 Core/Src/main.o
 .debug_macro   0x000000000001554b       0x34 Core/Src/main.o
 .debug_macro   0x000000000001557f       0x10 Core/Src/main.o
 .debug_macro   0x000000000001558f       0x58 Core/Src/main.o
 .debug_macro   0x00000000000155e7       0x71 Core/Src/main.o
 .debug_macro   0x0000000000015658       0x1c Core/Src/main.o
 .debug_macro   0x0000000000015674      0x12a Core/Src/main.o
 .debug_macro   0x000000000001579e      0x333 Core/Src/main.o
 .debug_macro   0x0000000000015ad1       0x10 Core/Src/main.o
 .debug_macro   0x0000000000015ae1       0x35 Core/Src/main.o
 .debug_macro   0x0000000000015b16       0x20 Core/Src/main.o
 .debug_macro   0x0000000000015b36      0x1ad Core/Src/nrf.o
 .debug_macro   0x0000000000015ce3      0x1a7 Core/Src/stm32f1xx_hal_msp.o
 .debug_macro   0x0000000000015e8a      0x1b1 Core/Src/stm32f1xx_it.o
 .debug_macro   0x000000000001603b      0x198 Core/Src/system_stm32f1xx.o
 .debug_macro   0x00000000000161d3      0x1bc Drivers/STM32F1xx_HAL_Driver/Src/stm32f1xx_hal.o
 .debug_macro   0x000000000001638f      0x198 Drivers/STM32F1xx_HAL_Driver/Src/stm32f1xx_hal_cortex.o
 .debug_macro   0x0000000000016527      0x203 Drivers/STM32F1xx_HAL_Driver/Src/stm32f1xx_hal_gpio.o
 .debug_macro   0x000000000001672a      0x1aa Drivers/STM32F1xx_HAL_Driver/Src/stm32f1xx_hal_rcc.o
 .debug_macro   0x00000000000168d4      0x1a0 Drivers/STM32F1xx_HAL_Driver/Src/stm32f1xx_hal_spi.o
 .debug_macro   0x0000000000016a74      0x199 Drivers/STM32F1xx_HAL_Driver/Src/stm32f1xx_hal_uart.o

.debug_line     0x0000000000000000     0x8716
 .debug_line    0x0000000000000000      0x8ec Core/Src/main.o
 .debug_line    0x00000000000008ec      0x852 Core/Src/nrf.o
 .debug_line    0x000000000000113e      0x70a Core/Src/stm32f1xx_hal_msp.o
 .debug_line    0x0000000000001848      0x725 Core/Src/stm32f1xx_it.o
 .debug_line    0x0000000000001f6d      0x6e1 Core/Src/system_stm32f1xx.o
 .debug_line    0x000000000000264e       0x87 Core/Startup/startup_stm32f103c8tx.o
 .debug_line    0x00000000000026d5      0x90e Drivers/STM32F1xx_HAL_Driver/Src/stm32f1xx_hal.o
 .debug_line    0x0000000000002fe3      0xaf6 Drivers/STM32F1xx_HAL_Driver/Src/stm32f1xx_hal_cortex.o
 .debug_line    0x0000000000003ad9      0x9a5 Drivers/STM32F1xx_HAL_Driver/Src/stm32f1xx_hal_gpio.o
 .debug_line    0x000000000000447e      0xd1c Drivers/STM32F1xx_HAL_Driver/Src/stm32f1xx_hal_rcc.o
 .debug_line    0x000000000000519a     0x1b93 Drivers/STM32F1xx_HAL_Driver/Src/stm32f1xx_hal_spi.o
 .debug_line    0x0000000000006d2d     0x19e9 Drivers/STM32F1xx_HAL_Driver/Src/stm32f1xx_hal_uart.o

.debug_str      0x0000000000000000    0x82fe9
 .debug_str     0x0000000000000000    0x813e2 Core/Src/main.o
                                      0x8180c (size before relaxing)
 .debug_str     0x00000000000813e2      0x114 Core/Src/nrf.o
                                      0x7e339 (size before relaxing)
 .debug_str     0x00000000000814f6       0xab Core/Src/stm32f1xx_hal_msp.o
                                      0x7e293 (size before relaxing)
 .debug_str     0x00000000000815a1       0xbd Core/Src/stm32f1xx_it.o
                                      0x7dcd8 (size before relaxing)
 .debug_str     0x000000000008165e       0x52 Core/Src/system_stm32f1xx.o
                                      0x7dc4c (size before relaxing)
 .debug_str     0x00000000000816b0       0x36 Core/Startup/startup_stm32f103c8tx.o
                                         0x6b (size before relaxing)
 .debug_str     0x00000000000816e6      0x55e Drivers/STM32F1xx_HAL_Driver/Src/stm32f1xx_hal.o
                                      0x7e2dd (size before relaxing)
 .debug_str     0x0000000000081c44      0x300 Drivers/STM32F1xx_HAL_Driver/Src/stm32f1xx_hal_cortex.o
                                      0x7e2e5 (size before relaxing)
 .debug_str     0x0000000000081f44      0x324 Drivers/STM32F1xx_HAL_Driver/Src/stm32f1xx_hal_gpio.o
                                      0x7e010 (size before relaxing)
 .debug_str     0x0000000000082268      0x24f Drivers/STM32F1xx_HAL_Driver/Src/stm32f1xx_hal_rcc.o
                                      0x7e049 (size before relaxing)
 .debug_str     0x00000000000824b7      0x54e Drivers/STM32F1xx_HAL_Driver/Src/stm32f1xx_hal_spi.o
                                      0x7e558 (size before relaxing)
 .debug_str     0x0000000000082a05      0x5e4 Drivers/STM32F1xx_HAL_Driver/Src/stm32f1xx_hal_uart.o
                                      0x7e63b (size before relaxing)

.comment        0x0000000000000000       0x53
 .comment       0x0000000000000000       0x53 Core/Src/main.o
                                         0x54 (size before relaxing)
 .comment       0x0000000000000053       0x54 Core/Src/nrf.o
 .comment       0x0000000000000053       0x54 Core/Src/stm32f1xx_hal_msp.o
 .comment       0x0000000000000053       0x54 Core/Src/stm32f1xx_it.o
 .comment       0x0000000000000053       0x54 Core/Src/system_stm32f1xx.o
 .comment       0x0000000000000053       0x54 Drivers/STM32F1xx_HAL_Driver/Src/stm32f1xx_hal.o
 .comment       0x0000000000000053       0x54 Drivers/STM32F1xx_HAL_Driver/Src/stm32f1xx_hal_cortex.o
 .comment       0x0000000000000053       0x54 Drivers/STM32F1xx_HAL_Driver/Src/stm32f1xx_hal_gpio.o
 .comment       0x0000000000000053       0x54 Drivers/STM32F1xx_HAL_Driver/Src/stm32f1xx_hal_rcc.o
 .comment       0x0000000000000053       0x54 Drivers/STM32F1xx_HAL_Driver/Src/stm32f1xx_hal_spi.o
 .comment       0x0000000000000053       0x54 Drivers/STM32F1xx_HAL_Driver/Src/stm32f1xx_hal_uart.o

.debug_frame    0x0000000000000000     0x2134
 .debug_frame   0x0000000000000000       0xc4 Core/Src/main.o
 .debug_frame   0x00000000000000c4      0x204 Core/Src/nrf.o
 .debug_frame   0x00000000000002c8       0xc8 Core/Src/stm32f1xx_hal_msp.o
 .debug_frame   0x0000000000000390      0x104 Core/Src/stm32f1xx_it.o
 .debug_frame   0x0000000000000494       0x58 Core/Src/system_stm32f1xx.o
 .debug_frame   0x00000000000004ec      0x334 Drivers/STM32F1xx_HAL_Driver/Src/stm32f1xx_hal.o
 .debug_frame   0x0000000000000820      0x428 Drivers/STM32F1xx_HAL_Driver/Src/stm32f1xx_hal_cortex.o
 .debug_frame   0x0000000000000c48      0x14c Drivers/STM32F1xx_HAL_Driver/Src/stm32f1xx_hal_gpio.o
 .debug_frame   0x0000000000000d94      0x21c Drivers/STM32F1xx_HAL_Driver/Src/stm32f1xx_hal_rcc.o
 .debug_frame   0x0000000000000fb0      0x824 Drivers/STM32F1xx_HAL_Driver/Src/stm32f1xx_hal_spi.o
 .debug_frame   0x00000000000017d4      0x914 Drivers/STM32F1xx_HAL_Driver/Src/stm32f1xx_hal_uart.o
 .debug_frame   0x00000000000020e8       0x2c c:/st/stm32cubeide_1.5.1/stm32cubeide/plugins/com.st.stm32cube.ide.mcu.externaltools.gnu-tools-for-stm32.9-2020-q2-update.win32_1.5.0.202011040924/tools/bin/../lib/gcc/arm-none-eabi/9.3.1/../../../../arm-none-eabi/lib/thumb/v7-m/nofp\libc_nano.a(lib_a-init.o)
 .debug_frame   0x0000000000002114       0x20 c:/st/stm32cubeide_1.5.1/stm32cubeide/plugins/com.st.stm32cube.ide.mcu.externaltools.gnu-tools-for-stm32.9-2020-q2-update.win32_1.5.0.202011040924/tools/bin/../lib/gcc/arm-none-eabi/9.3.1/../../../../arm-none-eabi/lib/thumb/v7-m/nofp\libc_nano.a(lib_a-memset.o)
