nrf.c:15:6:Cs_select	8	static
nrf.c:19:6:Cs_unselect	8	static
nrf.c:23:6:CE_enable	8	static
nrf.c:27:6:CE_disable	8	static
nrf.c:31:6:nrf_reg_single	24	static
nrf.c:42:6:nrf_reg_multiple	32	static
nrf.c:54:9:read_nrf_reg_single	24	static
nrf.c:64:6:read_nrf_reg_multiple	24	static
nrf.c:73:6:sendcmd	16	static
nrf.c:82:6:init_device	8	static
nrf.c:103:6:enable_txmode	24	static
nrf.c:118:9:data_transmit	24	static
nrf.c:140:7:nrf_rxmode	24	static
nrf.c:159:11:data_check	24	static
nrf.c:169:8:receive_data	24	static
